MPLINK 4.48, Linker
Linker Map File - Created Sun Jul 06 23:00:02 2025

                                 Section Info
                  Section       Type    Address   Location Size(Bytes)
                ---------  ---------  ---------  ---------  ---------
                   .org_0       code   0x000000    program   0x000658
                   .cinit    romdata   0x00032c    program   0x000004
     .config_2007_SLAVE.O       code   0x002007    program   0x000002



                              Program Memory Usage 
                               Start         End      
                           ---------   ---------      
                            0x000000    0x00032d      
                            0x002007    0x002007      
            815 out of 4230 program addresses used, program memory utilization is 19%



                              Symbols - Sorted by Name
                     Name    Address   Location    Storage File                     
                ---------  ---------  ---------  --------- ---------                
             _.org_0_01EB   0x0001eb    program     static C:\proteus\LCD_mplab\Slave\Slave.asm
       borrow_from_left10   0x000166    program     static C:\proteus\LCD_mplab\Slave\Slave.asm
       borrow_from_left11   0x00015d    program     static C:\proteus\LCD_mplab\Slave\Slave.asm
        borrow_from_left2   0x0001ae    program     static C:\proteus\LCD_mplab\Slave\Slave.asm
        borrow_from_left3   0x0001a5    program     static C:\proteus\LCD_mplab\Slave\Slave.asm
        borrow_from_left4   0x00019c    program     static C:\proteus\LCD_mplab\Slave\Slave.asm
        borrow_from_left5   0x000193    program     static C:\proteus\LCD_mplab\Slave\Slave.asm
        borrow_from_left6   0x00018a    program     static C:\proteus\LCD_mplab\Slave\Slave.asm
        borrow_from_left7   0x000181    program     static C:\proteus\LCD_mplab\Slave\Slave.asm
        borrow_from_left8   0x000178    program     static C:\proteus\LCD_mplab\Slave\Slave.asm
        borrow_from_left9   0x00016f    program     static C:\proteus\LCD_mplab\Slave\Slave.asm
  check_comparison_result   0x00010a    program     static C:\proteus\LCD_mplab\Slave\Slave.asm
   check_division_by_zero   0x0000a5    program     static C:\proteus\LCD_mplab\Slave\Slave.asm
             clear_result   0x0000b5    program     static C:\proteus\LCD_mplab\Slave\Slave.asm
compare_work_with_divisor   0x0000db    program     static C:\proteus\LCD_mplab\Slave\Slave.asm
            continue_sub1   0x00015a    program     static C:\proteus\LCD_mplab\Slave\Slave.asm
           continue_sub10   0x00011b    program     static C:\proteus\LCD_mplab\Slave\Slave.asm
           continue_sub11   0x000114    program     static C:\proteus\LCD_mplab\Slave\Slave.asm
            continue_sub2   0x000153    program     static C:\proteus\LCD_mplab\Slave\Slave.asm
            continue_sub3   0x00014c    program     static C:\proteus\LCD_mplab\Slave\Slave.asm
            continue_sub4   0x000145    program     static C:\proteus\LCD_mplab\Slave\Slave.asm
            continue_sub5   0x00013e    program     static C:\proteus\LCD_mplab\Slave\Slave.asm
            continue_sub6   0x000137    program     static C:\proteus\LCD_mplab\Slave\Slave.asm
            continue_sub7   0x000130    program     static C:\proteus\LCD_mplab\Slave\Slave.asm
            continue_sub8   0x000129    program     static C:\proteus\LCD_mplab\Slave\Slave.asm
            continue_sub9   0x000122    program     static C:\proteus\LCD_mplab\Slave\Slave.asm
copy_dividend_to_work_area   0x0000c2    program     static C:\proteus\LCD_mplab\Slave\Slave.asm
                   dec_10   0x00016d    program     static C:\proteus\LCD_mplab\Slave\Slave.asm
                   dec_11   0x000164    program     static C:\proteus\LCD_mplab\Slave\Slave.asm
                    dec_2   0x0001b5    program     static C:\proteus\LCD_mplab\Slave\Slave.asm
                    dec_3   0x0001ac    program     static C:\proteus\LCD_mplab\Slave\Slave.asm
                    dec_4   0x0001a3    program     static C:\proteus\LCD_mplab\Slave\Slave.asm
                    dec_5   0x00019a    program     static C:\proteus\LCD_mplab\Slave\Slave.asm
                    dec_6   0x000191    program     static C:\proteus\LCD_mplab\Slave\Slave.asm
                    dec_7   0x000188    program     static C:\proteus\LCD_mplab\Slave\Slave.asm
                    dec_8   0x00017f    program     static C:\proteus\LCD_mplab\Slave\Slave.asm
                    dec_9   0x000176    program     static C:\proteus\LCD_mplab\Slave\Slave.asm
                 delay_2s   0x0002d6    program     static C:\proteus\LCD_mplab\Slave\Slave.asm
                 delay_3s   0x0002e7    program     static C:\proteus\LCD_mplab\Slave\Slave.asm
         display_dividend   0x00002e    program     static C:\proteus\LCD_mplab\Slave\Slave.asm
          display_divisor   0x000037    program     static C:\proteus\LCD_mplab\Slave\Slave.asm
     display_final_result   0x0001d7    program     static C:\proteus\LCD_mplab\Slave\Slave.asm
 display_number_A_decimal   0x0001ec    program     static C:\proteus\LCD_mplab\Slave\Slave.asm
 display_number_B_decimal   0x000217    program     static C:\proteus\LCD_mplab\Slave\Slave.asm
   display_result_decimal   0x000242    program     static C:\proteus\LCD_mplab\Slave\Slave.asm
              end_program   0x0001eb    program     static C:\proteus\LCD_mplab\Slave\Slave.asm
    fractional_digit_loop   0x000056    program     static C:\proteus\LCD_mplab\Slave\Slave.asm
      fractional_division   0x00004f    program     static C:\proteus\LCD_mplab\Slave\Slave.asm
          fractional_loop   0x000050    program     static C:\proteus\LCD_mplab\Slave\Slave.asm
 increment_result_integer   0x0001b7    program     static C:\proteus\LCD_mplab\Slave\Slave.asm
                     inid   0x000311    program     static C:\proteus\LCD_mplab\Slave\LCDIS.INC
         integer_division   0x000048    program     static C:\proteus\LCD_mplab\Slave\Slave.asm
             integer_loop   0x000049    program     static C:\proteus\LCD_mplab\Slave\Slave.asm
        load_test_numbers   0x000011    program     static C:\proteus\LCD_mplab\Slave\Slave.asm
                    loop1   0x0002f3    program     static C:\proteus\LCD_mplab\Slave\LCDIS.INC
                    loopX   0x0002f8    program     static C:\proteus\LCD_mplab\Slave\LCDIS.INC
                    onems   0x0002f1    program     static C:\proteus\LCD_mplab\Slave\LCDIS.INC
    perform_long_division   0x000040    program     static C:\proteus\LCD_mplab\Slave\Slave.asm
       print_dividend_msg   0x000286    program     static C:\proteus\LCD_mplab\Slave\Slave.asm
       print_division_msg   0x00026a    program     static C:\proteus\LCD_mplab\Slave\Slave.asm
        print_divisor_msg   0x00029a    program     static C:\proteus\LCD_mplab\Slave\Slave.asm
          print_error_msg   0x0002bc    program     static C:\proteus\LCD_mplab\Slave\Slave.asm
         print_result_msg   0x0002ac    program     static C:\proteus\LCD_mplab\Slave\Slave.asm
                   pulseE   0x0002fc    program     static C:\proteus\LCD_mplab\Slave\LCDIS.INC
                     send   0x000301    program     static C:\proteus\LCD_mplab\Slave\LCDIS.INC
shift_remainder_left_one_positio   0x000062    program     static C:\proteus\LCD_mplab\Slave\Slave.asm
      show_division_error   0x0001e4    program     static C:\proteus\LCD_mplab\Slave\Slave.asm
             store_frac_0   0x000093    program     static C:\proteus\LCD_mplab\Slave\Slave.asm
             store_frac_1   0x000096    program     static C:\proteus\LCD_mplab\Slave\Slave.asm
             store_frac_2   0x000099    program     static C:\proteus\LCD_mplab\Slave\Slave.asm
             store_frac_3   0x00009c    program     static C:\proteus\LCD_mplab\Slave\Slave.asm
             store_frac_4   0x00009f    program     static C:\proteus\LCD_mplab\Slave\Slave.asm
             store_frac_5   0x0000a2    program     static C:\proteus\LCD_mplab\Slave\Slave.asm
   store_fractional_digit   0x00005f    program     static C:\proteus\LCD_mplab\Slave\Slave.asm
  store_fractional_result   0x00007a    program     static C:\proteus\LCD_mplab\Slave\Slave.asm
     subtract_b_from_work   0x00010d    program     static C:\proteus\LCD_mplab\Slave\Slave.asm
                      xms   0x0002f7    program     static C:\proteus\LCD_mplab\Slave\LCDIS.INC



                              Symbols - Sorted by Address
                     Name    Address   Location    Storage File                     
                ---------  ---------  ---------  --------- ---------                
        load_test_numbers   0x000011    program     static C:\proteus\LCD_mplab\Slave\Slave.asm
         display_dividend   0x00002e    program     static C:\proteus\LCD_mplab\Slave\Slave.asm
          display_divisor   0x000037    program     static C:\proteus\LCD_mplab\Slave\Slave.asm
    perform_long_division   0x000040    program     static C:\proteus\LCD_mplab\Slave\Slave.asm
         integer_division   0x000048    program     static C:\proteus\LCD_mplab\Slave\Slave.asm
             integer_loop   0x000049    program     static C:\proteus\LCD_mplab\Slave\Slave.asm
      fractional_division   0x00004f    program     static C:\proteus\LCD_mplab\Slave\Slave.asm
          fractional_loop   0x000050    program     static C:\proteus\LCD_mplab\Slave\Slave.asm
    fractional_digit_loop   0x000056    program     static C:\proteus\LCD_mplab\Slave\Slave.asm
   store_fractional_digit   0x00005f    program     static C:\proteus\LCD_mplab\Slave\Slave.asm
shift_remainder_left_one_positio   0x000062    program     static C:\proteus\LCD_mplab\Slave\Slave.asm
  store_fractional_result   0x00007a    program     static C:\proteus\LCD_mplab\Slave\Slave.asm
             store_frac_0   0x000093    program     static C:\proteus\LCD_mplab\Slave\Slave.asm
             store_frac_1   0x000096    program     static C:\proteus\LCD_mplab\Slave\Slave.asm
             store_frac_2   0x000099    program     static C:\proteus\LCD_mplab\Slave\Slave.asm
             store_frac_3   0x00009c    program     static C:\proteus\LCD_mplab\Slave\Slave.asm
             store_frac_4   0x00009f    program     static C:\proteus\LCD_mplab\Slave\Slave.asm
             store_frac_5   0x0000a2    program     static C:\proteus\LCD_mplab\Slave\Slave.asm
   check_division_by_zero   0x0000a5    program     static C:\proteus\LCD_mplab\Slave\Slave.asm
             clear_result   0x0000b5    program     static C:\proteus\LCD_mplab\Slave\Slave.asm
copy_dividend_to_work_area   0x0000c2    program     static C:\proteus\LCD_mplab\Slave\Slave.asm
compare_work_with_divisor   0x0000db    program     static C:\proteus\LCD_mplab\Slave\Slave.asm
  check_comparison_result   0x00010a    program     static C:\proteus\LCD_mplab\Slave\Slave.asm
     subtract_b_from_work   0x00010d    program     static C:\proteus\LCD_mplab\Slave\Slave.asm
           continue_sub11   0x000114    program     static C:\proteus\LCD_mplab\Slave\Slave.asm
           continue_sub10   0x00011b    program     static C:\proteus\LCD_mplab\Slave\Slave.asm
            continue_sub9   0x000122    program     static C:\proteus\LCD_mplab\Slave\Slave.asm
            continue_sub8   0x000129    program     static C:\proteus\LCD_mplab\Slave\Slave.asm
            continue_sub7   0x000130    program     static C:\proteus\LCD_mplab\Slave\Slave.asm
            continue_sub6   0x000137    program     static C:\proteus\LCD_mplab\Slave\Slave.asm
            continue_sub5   0x00013e    program     static C:\proteus\LCD_mplab\Slave\Slave.asm
            continue_sub4   0x000145    program     static C:\proteus\LCD_mplab\Slave\Slave.asm
            continue_sub3   0x00014c    program     static C:\proteus\LCD_mplab\Slave\Slave.asm
            continue_sub2   0x000153    program     static C:\proteus\LCD_mplab\Slave\Slave.asm
            continue_sub1   0x00015a    program     static C:\proteus\LCD_mplab\Slave\Slave.asm
       borrow_from_left11   0x00015d    program     static C:\proteus\LCD_mplab\Slave\Slave.asm
                   dec_11   0x000164    program     static C:\proteus\LCD_mplab\Slave\Slave.asm
       borrow_from_left10   0x000166    program     static C:\proteus\LCD_mplab\Slave\Slave.asm
                   dec_10   0x00016d    program     static C:\proteus\LCD_mplab\Slave\Slave.asm
        borrow_from_left9   0x00016f    program     static C:\proteus\LCD_mplab\Slave\Slave.asm
                    dec_9   0x000176    program     static C:\proteus\LCD_mplab\Slave\Slave.asm
        borrow_from_left8   0x000178    program     static C:\proteus\LCD_mplab\Slave\Slave.asm
                    dec_8   0x00017f    program     static C:\proteus\LCD_mplab\Slave\Slave.asm
        borrow_from_left7   0x000181    program     static C:\proteus\LCD_mplab\Slave\Slave.asm
                    dec_7   0x000188    program     static C:\proteus\LCD_mplab\Slave\Slave.asm
        borrow_from_left6   0x00018a    program     static C:\proteus\LCD_mplab\Slave\Slave.asm
                    dec_6   0x000191    program     static C:\proteus\LCD_mplab\Slave\Slave.asm
        borrow_from_left5   0x000193    program     static C:\proteus\LCD_mplab\Slave\Slave.asm
                    dec_5   0x00019a    program     static C:\proteus\LCD_mplab\Slave\Slave.asm
        borrow_from_left4   0x00019c    program     static C:\proteus\LCD_mplab\Slave\Slave.asm
                    dec_4   0x0001a3    program     static C:\proteus\LCD_mplab\Slave\Slave.asm
        borrow_from_left3   0x0001a5    program     static C:\proteus\LCD_mplab\Slave\Slave.asm
                    dec_3   0x0001ac    program     static C:\proteus\LCD_mplab\Slave\Slave.asm
        borrow_from_left2   0x0001ae    program     static C:\proteus\LCD_mplab\Slave\Slave.asm
                    dec_2   0x0001b5    program     static C:\proteus\LCD_mplab\Slave\Slave.asm
 increment_result_integer   0x0001b7    program     static C:\proteus\LCD_mplab\Slave\Slave.asm
     display_final_result   0x0001d7    program     static C:\proteus\LCD_mplab\Slave\Slave.asm
      show_division_error   0x0001e4    program     static C:\proteus\LCD_mplab\Slave\Slave.asm
             _.org_0_01EB   0x0001eb    program     static C:\proteus\LCD_mplab\Slave\Slave.asm
              end_program   0x0001eb    program     static C:\proteus\LCD_mplab\Slave\Slave.asm
 display_number_A_decimal   0x0001ec    program     static C:\proteus\LCD_mplab\Slave\Slave.asm
 display_number_B_decimal   0x000217    program     static C:\proteus\LCD_mplab\Slave\Slave.asm
   display_result_decimal   0x000242    program     static C:\proteus\LCD_mplab\Slave\Slave.asm
       print_division_msg   0x00026a    program     static C:\proteus\LCD_mplab\Slave\Slave.asm
       print_dividend_msg   0x000286    program     static C:\proteus\LCD_mplab\Slave\Slave.asm
        print_divisor_msg   0x00029a    program     static C:\proteus\LCD_mplab\Slave\Slave.asm
         print_result_msg   0x0002ac    program     static C:\proteus\LCD_mplab\Slave\Slave.asm
          print_error_msg   0x0002bc    program     static C:\proteus\LCD_mplab\Slave\Slave.asm
                 delay_2s   0x0002d6    program     static C:\proteus\LCD_mplab\Slave\Slave.asm
                 delay_3s   0x0002e7    program     static C:\proteus\LCD_mplab\Slave\Slave.asm
                    onems   0x0002f1    program     static C:\proteus\LCD_mplab\Slave\LCDIS.INC
                    loop1   0x0002f3    program     static C:\proteus\LCD_mplab\Slave\LCDIS.INC
                      xms   0x0002f7    program     static C:\proteus\LCD_mplab\Slave\LCDIS.INC
                    loopX   0x0002f8    program     static C:\proteus\LCD_mplab\Slave\LCDIS.INC
                   pulseE   0x0002fc    program     static C:\proteus\LCD_mplab\Slave\LCDIS.INC
                     send   0x000301    program     static C:\proteus\LCD_mplab\Slave\LCDIS.INC
                     inid   0x000311    program     static C:\proteus\LCD_mplab\Slave\LCDIS.INC


